   1               		.file	"main.c"
   2               	__SREG__ = 0x3f
   3               	__SP_H__ = 0x3e
   4               	__SP_L__ = 0x3d
   5               	__CCP__  = 0x34
   6               	__tmp_reg__ = 0
   7               	__zero_reg__ = 1
  15               	.Ltext0:
  16               		.data
  17               	.LC0:
  18 0000 4C50 2042 		.string	"LP BT 0"
  18      5420 3000 
  19               	.LC1:
  20 0008 4C50 2042 		.string	"LP BT 1"
  20      5420 3100 
  21               	.LC2:
  22 0010 4C50 2042 		.string	"LP BT 1 & 0"
  22      5420 3120 
  22      2620 3000 
  23               		.text
  24               	.global	main
  26               	main:
  27               	.LFB6:
  28               	.LM1:
  29 0000 EF92      		push r14
  30 0002 FF92      		push r15
  31 0004 0F93      		push r16
  32 0006 1F93      		push r17
  33 0008 CF93      		push r28
  34 000a DF93      		push r29
  35               	/* prologue: function */
  36               	/* frame size = 0 */
  37               	.LM2:
  38 000c 0E94 0000 		call debug_init
  39               	.LM3:
  40 0010 0E94 0000 		call CapTouch_Init
  41 0014 EE24      		clr r14
  42 0016 FF24      		clr r15
  43 0018 8701      		movw r16,r14
  44               	.LVL0:
  45               	.LBB12:
  46               	.LBB13:
  47               	.LBB14:
  48               	.LBB15:
  49               	.LM4:
  50 001a C0E6      		ldi r28,lo8(-5536)
  51 001c DAEE      		ldi r29,hi8(-5536)
  52               	.LVL1:
  53               	.L5:
  54               	.LBE15:
  55               	.LBE14:
  56               	.LBE13:
  57               	.LBE12:
  58               	.LM5:
  59 001e C801      		movw r24,r16
  60 0020 B701      		movw r22,r14
  61 0022 0E94 0000 		call CapTouch_Scan_Sensors
  62               	.LVL2:
  63               	.LM6:
  64 0026 0894      		sec
  65 0028 E11C      		adc r14,__zero_reg__
  66 002a F11C      		adc r15,__zero_reg__
  67 002c 011D      		adc r16,__zero_reg__
  68 002e 111D      		adc r17,__zero_reg__
  69               	.LM7:
  70 0030 0E94 0000 		call CapTouch_Get_Long_Press_Reg
  71 0034 90E0      		ldi r25,lo8(0)
  72 0036 A0E0      		ldi r26,lo8(0)
  73 0038 B0E0      		ldi r27,hi8(0)
  74 003a BC01      		movw r22,r24
  75 003c CD01      		movw r24,r26
  76 003e 0E94 0000 		call debug_tx_number_nl
  77               	.LM8:
  78 0042 0E94 0000 		call CapTouch_Get_Long_Press_Reg
  79 0046 8130      		cpi r24,lo8(1)
  80 0048 01F4      		brne .L2
  81               	.LM9:
  82 004a 80E0      		ldi r24,lo8(.LC0)
  83 004c 90E0      		ldi r25,hi8(.LC0)
  84 004e 00C0      		rjmp .L7
  85               	.L2:
  86               	.LM10:
  87 0050 0E94 0000 		call CapTouch_Get_Long_Press_Reg
  88 0054 8230      		cpi r24,lo8(2)
  89 0056 01F4      		brne .L4
  90               	.LM11:
  91 0058 80E0      		ldi r24,lo8(.LC1)
  92 005a 90E0      		ldi r25,hi8(.LC1)
  93 005c 00C0      		rjmp .L7
  94               	.L4:
  95               	.LM12:
  96 005e 0E94 0000 		call CapTouch_Get_Long_Press_Reg
  97 0062 8330      		cpi r24,lo8(3)
  98 0064 01F4      		brne .L3
  99               	.LM13:
 100 0066 80E0      		ldi r24,lo8(.LC2)
 101 0068 90E0      		ldi r25,hi8(.LC2)
 102               	.L7:
 103 006a 0E94 0000 		call debug_tx_text_nl
 104               	.L3:
 105               	.LBB19:
 106               	.LBB18:
 107               	.LBB17:
 108               	.LBB16:
 109               	.LM14:
 110 006e CE01      		movw r24,r28
 111               	.LVL3:
 112               	/* #APP */
 113               	 ;  105 "c:/winavr-20100110/lib/gcc/../../avr/include/util/delay_basic.h" 1
 114 0070 0197      		1: sbiw r24,1
 115 0072 01F4      		brne 1b
 116               	 ;  0 "" 2
 117               	/* #NOAPP */
 118 0074 00C0      		rjmp .L5
 119               	.LBE16:
 120               	.LBE17:
 121               	.LBE18:
 122               	.LBE19:
 123               	.LFE6:
 149               	.Letext0:
DEFINED SYMBOLS
                            *ABS*:00000000 main.c
C:\Users\FARIDU~1\AppData\Local\Temp/ccgkgqe0.s:2      *ABS*:0000003f __SREG__
C:\Users\FARIDU~1\AppData\Local\Temp/ccgkgqe0.s:3      *ABS*:0000003e __SP_H__
C:\Users\FARIDU~1\AppData\Local\Temp/ccgkgqe0.s:4      *ABS*:0000003d __SP_L__
C:\Users\FARIDU~1\AppData\Local\Temp/ccgkgqe0.s:5      *ABS*:00000034 __CCP__
C:\Users\FARIDU~1\AppData\Local\Temp/ccgkgqe0.s:6      *ABS*:00000000 __tmp_reg__
C:\Users\FARIDU~1\AppData\Local\Temp/ccgkgqe0.s:7      *ABS*:00000001 __zero_reg__
C:\Users\FARIDU~1\AppData\Local\Temp/ccgkgqe0.s:26     .text:00000000 main

UNDEFINED SYMBOLS
debug_init
CapTouch_Init
CapTouch_Scan_Sensors
CapTouch_Get_Long_Press_Reg
debug_tx_number_nl
debug_tx_text_nl
__do_copy_data
