Archive member included because of file (symbol)

c:/winavr-20100110/bin/../lib/gcc/avr/4.3.3/avr5\libgcc.a(_exit.o)
                              c:/winavr-20100110/bin/../lib/gcc/avr/4.3.3/../../../../avr/lib/avr5/crtm328p.o (exit)
c:/winavr-20100110/bin/../lib/gcc/avr/4.3.3/avr5\libgcc.a(_copy_data.o)
                              main.o (__do_copy_data)
c:/winavr-20100110/bin/../lib/gcc/avr/4.3.3/avr5\libgcc.a(_clear_bss.o)
                              main.o (__do_clear_bss)

Allocating common symbols
Common symbol       size              file

nRF24L01P_type      0x13              nrf24l01pv2.o
nRF24L01P           0x2               nrf24l01pv2.o

Memory Configuration

Name             Origin             Length             Attributes
text             0x00000000         0x00020000         xr
data             0x00800060         0x0000ffa0         rw !x
eeprom           0x00810000         0x00010000         rw !x
fuse             0x00820000         0x00000400         rw !x
lock             0x00830000         0x00000400         rw !x
signature        0x00840000         0x00000400         rw !x
*default*        0x00000000         0xffffffff

Linker script and memory map

Address of section .data set to 0x800100
LOAD c:/winavr-20100110/bin/../lib/gcc/avr/4.3.3/../../../../avr/lib/avr5/crtm328p.o
LOAD main.o
LOAD lowpower.o
LOAD nrf24l01pv2.o
LOAD c:/winavr-20100110/bin/../lib/gcc/avr/4.3.3/../../../../avr/lib/avr5\libm.a
LOAD c:/winavr-20100110/bin/../lib/gcc/avr/4.3.3/avr5\libgcc.a
LOAD c:/winavr-20100110/bin/../lib/gcc/avr/4.3.3/../../../../avr/lib/avr5\libc.a
LOAD c:/winavr-20100110/bin/../lib/gcc/avr/4.3.3/avr5\libgcc.a

.hash
 *(.hash)

.dynsym
 *(.dynsym)

.dynstr
 *(.dynstr)

.gnu.version
 *(.gnu.version)

.gnu.version_d
 *(.gnu.version_d)

.gnu.version_r
 *(.gnu.version_r)

.rel.init
 *(.rel.init)

.rela.init
 *(.rela.init)

.rel.text
 *(.rel.text)
 *(.rel.text.*)
 *(.rel.gnu.linkonce.t*)

.rela.text
 *(.rela.text)
 *(.rela.text.*)
 *(.rela.gnu.linkonce.t*)

.rel.fini
 *(.rel.fini)

.rela.fini
 *(.rela.fini)

.rel.rodata
 *(.rel.rodata)
 *(.rel.rodata.*)
 *(.rel.gnu.linkonce.r*)

.rela.rodata
 *(.rela.rodata)
 *(.rela.rodata.*)
 *(.rela.gnu.linkonce.r*)

.rel.data
 *(.rel.data)
 *(.rel.data.*)
 *(.rel.gnu.linkonce.d*)

.rela.data
 *(.rela.data)
 *(.rela.data.*)
 *(.rela.gnu.linkonce.d*)

.rel.ctors
 *(.rel.ctors)

.rela.ctors
 *(.rela.ctors)

.rel.dtors
 *(.rel.dtors)

.rela.dtors
 *(.rela.dtors)

.rel.got
 *(.rel.got)

.rela.got
 *(.rela.got)

.rel.bss
 *(.rel.bss)

.rela.bss
 *(.rela.bss)

.rel.plt
 *(.rel.plt)

.rela.plt
 *(.rela.plt)

.text           0x00000000      0xaae
 *(.vectors)
 .vectors       0x00000000       0x68 c:/winavr-20100110/bin/../lib/gcc/avr/4.3.3/../../../../avr/lib/avr5/crtm328p.o
                0x00000000                __vectors
                0x00000000                __vector_default
 *(.vectors)
 *(.progmem.gcc*)
 *(.progmem*)
                0x00000068                . = ALIGN (0x2)
                0x00000068                __trampolines_start = .
 *(.trampolines)
 .trampolines   0x00000068        0x0 linker stubs
 *(.trampolines*)
                0x00000068                __trampolines_end = .
 *(.jumptables)
 *(.jumptables*)
 *(.lowtext)
 *(.lowtext*)
                0x00000068                __ctors_start = .
 *(.ctors)
                0x00000068                __ctors_end = .
                0x00000068                __dtors_start = .
 *(.dtors)
                0x00000068                __dtors_end = .
 SORT(*)(.ctors)
 SORT(*)(.dtors)
 *(.init0)
 .init0         0x00000068        0x0 c:/winavr-20100110/bin/../lib/gcc/avr/4.3.3/../../../../avr/lib/avr5/crtm328p.o
                0x00000068                __init
 *(.init0)
 *(.init1)
 *(.init1)
 *(.init2)
 .init2         0x00000068        0xc c:/winavr-20100110/bin/../lib/gcc/avr/4.3.3/../../../../avr/lib/avr5/crtm328p.o
 *(.init2)
 *(.init3)
 *(.init3)
 *(.init4)
 .init4         0x00000074       0x16 c:/winavr-20100110/bin/../lib/gcc/avr/4.3.3/avr5\libgcc.a(_copy_data.o)
                0x00000074                __do_copy_data
 .init4         0x0000008a       0x10 c:/winavr-20100110/bin/../lib/gcc/avr/4.3.3/avr5\libgcc.a(_clear_bss.o)
                0x0000008a                __do_clear_bss
 *(.init4)
 *(.init5)
 *(.init5)
 *(.init6)
 *(.init6)
 *(.init7)
 *(.init7)
 *(.init8)
 *(.init8)
 *(.init9)
 .init9         0x0000009a        0x8 c:/winavr-20100110/bin/../lib/gcc/avr/4.3.3/../../../../avr/lib/avr5/crtm328p.o
 *(.init9)
 *(.text)
 .text          0x000000a2        0x4 c:/winavr-20100110/bin/../lib/gcc/avr/4.3.3/../../../../avr/lib/avr5/crtm328p.o
                0x000000a2                __vector_22
                0x000000a2                __vector_1
                0x000000a2                __vector_24
                0x000000a2                __vector_12
                0x000000a2                __bad_interrupt
                0x000000a2                __vector_3
                0x000000a2                __vector_23
                0x000000a2                __vector_25
                0x000000a2                __vector_11
                0x000000a2                __vector_13
                0x000000a2                __vector_17
                0x000000a2                __vector_19
                0x000000a2                __vector_7
                0x000000a2                __vector_5
                0x000000a2                __vector_4
                0x000000a2                __vector_9
                0x000000a2                __vector_2
                0x000000a2                __vector_21
                0x000000a2                __vector_15
                0x000000a2                __vector_8
                0x000000a2                __vector_14
                0x000000a2                __vector_10
                0x000000a2                __vector_16
                0x000000a2                __vector_18
                0x000000a2                __vector_20
 .text          0x000000a6       0xa6 main.o
                0x000000a6                main
 .text          0x0000014c       0xcc lowpower.o
                0x0000014c                Deep_Sleep
                0x000001bc                __vector_6
                0x00000192                Sleep_Init
                0x00000168                ADC_Disable
                0x00000174                Analog_Comparator_Disable
                0x0000017c                WDT_Get_Ticks
 .text          0x00000218      0x892 nrf24l01pv2.o
                0x00000794                nRF24L01P_Init
                0x0000073c                nRF24L01P_Set_Destination_Address
                0x00000532                nRF24L01P_Set_Mode_Tx
                0x00000a34                nRF24L01P_Transmit_With_ACK
                0x00000316                nRF24L01P_SPI_Transfer
                0x00000354                nRF24L01P_Calcuate_CRC
                0x00000488                nRF24L01P_Flush_Receive_Buffer
                0x000002a8                nRF24L01P_Enable_SPI
                0x00000560                nRF24L01P_Set_Mode_Rx
                0x0000050e                nRF24L01P_Set_Mode_Sleep
                0x00000756                nRF24L01P_Set_MaxRetransmission
                0x00000278                nRF24L01P_CSN_High
                0x00000640                nRF24L01P_Get_Speed
                0x0000068c                nRF24L01P_Set_Speed
                0x00000380                nRF24L01P_Calcuate_CRC_Block
                0x000006c4                nRF24L01P_Get_Tx_Power
                0x000004ae                nRF24L01P_Receive_Buffer_Not_Empty
                0x00000438                nRF24L01P_Transmit_Buffer_Empty
                0x000002b8                nRF24L01P_Enable
                0x0000027c                nRF24L01P_CSN_Low
                0x000006ec                nRF24L01P_Set_Tx_Power
                0x000002e0                nRF24L01P_Get_Error
                0x000002ec                nRF24L01P_Error_Timeout
                0x00000730                nRF24L01P_Set_Own_Address
                0x00000748                nRF24L01P_Set_Receive_Timeout
                0x0000058a                nRF24L01P_ReadModifyWrite
                0x0000029a                nRF24L01P_Disable_GPIO
                0x000002c6                nRF24L01P_Disable
                0x00000948                nRF24L01P_Transmit_Basic
                0x00000620                nRF24L01P_Set_Channel
                0x000005fe                nRF24L01P_Get_Channel
                0x000002d0                nRF24L01P_Error_Clear
                0x000004d6                nRF24L01P_Get_Mode
                0x00000288                nRF24L01P_Enable_GPIO
                0x0000046a                nRF24L01P_Wait_Till_Transmission_Completes
                0x00000998                nRF24L01P_Recieve_Basic
                0x0000042a                nRF24L01P_Write_Data_To_Transmit_Buffer
                0x00000412                nRF24L01P_Flush_Transmit_Buffer
                0x0000077c                nRF24L01P_WakeUp
                0x00000a66                nRF24L01P_Recieve_With_ACK
                0x000002b2                nRF24L01P_Disable_SPI
                0x00000218                nRF24L01P_Struct_Init
                0x00000764                nRF24L01P_Deep_Sleep
                0x00000280                nRF24L01P_CE_High
                0x00000284                nRF24L01P_CE_Low
                0x000004a0                nRF24L01P_Read_Data_From_Receive_Buffer
                0x000003b0                nRF24L01P_ReadWrite_Register
 .text          0x00000aaa        0x0 c:/winavr-20100110/bin/../lib/gcc/avr/4.3.3/avr5\libgcc.a(_exit.o)
 .text          0x00000aaa        0x0 c:/winavr-20100110/bin/../lib/gcc/avr/4.3.3/avr5\libgcc.a(_copy_data.o)
 .text          0x00000aaa        0x0 c:/winavr-20100110/bin/../lib/gcc/avr/4.3.3/avr5\libgcc.a(_clear_bss.o)
                0x00000aaa                . = ALIGN (0x2)
 *(.text.*)
 .text.libgcc   0x00000aaa        0x0 c:/winavr-20100110/bin/../lib/gcc/avr/4.3.3/avr5\libgcc.a(_exit.o)
 .text.libgcc   0x00000aaa        0x0 c:/winavr-20100110/bin/../lib/gcc/avr/4.3.3/avr5\libgcc.a(_copy_data.o)
 .text.libgcc   0x00000aaa        0x0 c:/winavr-20100110/bin/../lib/gcc/avr/4.3.3/avr5\libgcc.a(_clear_bss.o)
                0x00000aaa                . = ALIGN (0x2)
 *(.fini9)
 .fini9         0x00000aaa        0x0 c:/winavr-20100110/bin/../lib/gcc/avr/4.3.3/avr5\libgcc.a(_exit.o)
                0x00000aaa                exit
                0x00000aaa                _exit
 *(.fini9)
 *(.fini8)
 *(.fini8)
 *(.fini7)
 *(.fini7)
 *(.fini6)
 *(.fini6)
 *(.fini5)
 *(.fini5)
 *(.fini4)
 *(.fini4)
 *(.fini3)
 *(.fini3)
 *(.fini2)
 *(.fini2)
 *(.fini1)
 *(.fini1)
 *(.fini0)
 .fini0         0x00000aaa        0x4 c:/winavr-20100110/bin/../lib/gcc/avr/4.3.3/avr5\libgcc.a(_exit.o)
 *(.fini0)
                0x00000aae                _etext = .

.data           0x00800100       0x44 load address 0x00000aae
                0x00800100                PROVIDE (__data_start, .)
 *(.data)
 .data          0x00800100        0x0 c:/winavr-20100110/bin/../lib/gcc/avr/4.3.3/../../../../avr/lib/avr5/crtm328p.o
 .data          0x00800100       0x20 main.o
 .data          0x00800120        0x0 lowpower.o
 .data          0x00800120       0x24 nrf24l01pv2.o
 .data          0x00800144        0x0 c:/winavr-20100110/bin/../lib/gcc/avr/4.3.3/avr5\libgcc.a(_exit.o)
 .data          0x00800144        0x0 c:/winavr-20100110/bin/../lib/gcc/avr/4.3.3/avr5\libgcc.a(_copy_data.o)
 .data          0x00800144        0x0 c:/winavr-20100110/bin/../lib/gcc/avr/4.3.3/avr5\libgcc.a(_clear_bss.o)
 *(.data*)
 *(.rodata)
 *(.rodata*)
 *(.gnu.linkonce.d*)
                0x00800144                . = ALIGN (0x2)
                0x00800144                _edata = .
                0x00800144                PROVIDE (__data_end, .)

.bss            0x00800144       0x1e
                0x00800144                PROVIDE (__bss_start, .)
 *(.bss)
 .bss           0x00800144        0x0 c:/winavr-20100110/bin/../lib/gcc/avr/4.3.3/../../../../avr/lib/avr5/crtm328p.o
 .bss           0x00800144        0x5 main.o
                0x00800148                state
                0x00800144                last_val
 .bss           0x00800149        0x4 lowpower.o
                0x00800149                WDT_Ticks
 .bss           0x0080014d        0x0 nrf24l01pv2.o
 .bss           0x0080014d        0x0 c:/winavr-20100110/bin/../lib/gcc/avr/4.3.3/avr5\libgcc.a(_exit.o)
 .bss           0x0080014d        0x0 c:/winavr-20100110/bin/../lib/gcc/avr/4.3.3/avr5\libgcc.a(_copy_data.o)
 .bss           0x0080014d        0x0 c:/winavr-20100110/bin/../lib/gcc/avr/4.3.3/avr5\libgcc.a(_clear_bss.o)
 *(.bss*)
 *(COMMON)
 COMMON         0x0080014d       0x15 nrf24l01pv2.o
                0x0080014d                nRF24L01P_type
                0x00800160                nRF24L01P
                0x00800162                PROVIDE (__bss_end, .)
                0x00000aae                __data_load_start = LOADADDR (.data)
                0x00000af2                __data_load_end = (__data_load_start + SIZEOF (.data))

.noinit         0x00800162        0x0
                0x00800162                PROVIDE (__noinit_start, .)
 *(.noinit*)
                0x00800162                PROVIDE (__noinit_end, .)
                0x00800162                _end = .
                0x00800162                PROVIDE (__heap_start, .)

.eeprom         0x00810000        0x0
 *(.eeprom*)
                0x00810000                __eeprom_end = .

.fuse
 *(.fuse)
 *(.lfuse)
 *(.hfuse)
 *(.efuse)

.lock
 *(.lock*)

.signature
 *(.signature*)

.stab
 *(.stab)

.stabstr
 *(.stabstr)

.stab.excl
 *(.stab.excl)

.stab.exclstr
 *(.stab.exclstr)

.stab.index
 *(.stab.index)

.stab.indexstr
 *(.stab.indexstr)

.comment
 *(.comment)

.debug
 *(.debug)

.line
 *(.line)

.debug_srcinfo
 *(.debug_srcinfo)

.debug_sfnames
 *(.debug_sfnames)

.debug_aranges  0x00000000       0x60
 *(.debug_aranges)
 .debug_aranges
                0x00000000       0x20 main.o
 .debug_aranges
                0x00000020       0x20 lowpower.o
 .debug_aranges
                0x00000040       0x20 nrf24l01pv2.o

.debug_pubnames
                0x00000000      0x639
 *(.debug_pubnames)
 .debug_pubnames
                0x00000000       0x32 main.o
 .debug_pubnames
                0x00000032       0x8d lowpower.o
 .debug_pubnames
                0x000000bf      0x57a nrf24l01pv2.o

.debug_info     0x00000000      0xe6d
 *(.debug_info)
 .debug_info    0x00000000      0x11e main.o
 .debug_info    0x0000011e      0x154 lowpower.o
 .debug_info    0x00000272      0xbfb nrf24l01pv2.o
 *(.gnu.linkonce.wi.*)

.debug_abbrev   0x00000000      0x4c0
 *(.debug_abbrev)
 .debug_abbrev  0x00000000       0xae main.o
 .debug_abbrev  0x000000ae       0xd7 lowpower.o
 .debug_abbrev  0x00000185      0x33b nrf24l01pv2.o

.debug_line     0x00000000      0xcf5
 *(.debug_line)
 .debug_line    0x00000000      0x119 main.o
 .debug_line    0x00000119      0x16f lowpower.o
 .debug_line    0x00000288      0xa6d nrf24l01pv2.o

.debug_frame    0x00000000      0x390
 *(.debug_frame)
 .debug_frame   0x00000000       0x20 main.o
 .debug_frame   0x00000020       0x70 lowpower.o
 .debug_frame   0x00000090      0x300 nrf24l01pv2.o

.debug_str      0x00000000      0x72f
 *(.debug_str)
 .debug_str     0x00000000       0xd8 main.o
                                0x10c (size before relaxing)
 .debug_str     0x000000d8       0x67 lowpower.o
                                0x15a (size before relaxing)
 .debug_str     0x0000013f      0x5f0 nrf24l01pv2.o
                                0x6eb (size before relaxing)

.debug_loc      0x00000000      0x516
 *(.debug_loc)
 .debug_loc     0x00000000       0x18 main.o
 .debug_loc     0x00000018       0x13 lowpower.o
 .debug_loc     0x0000002b      0x4eb nrf24l01pv2.o

.debug_macinfo
 *(.debug_macinfo)
OUTPUT(main.elf elf32-avr)
LOAD linker stubs

.debug_ranges   0x00000000       0x78
 .debug_ranges  0x00000000       0x78 nrf24l01pv2.o

Cross Reference Table

Symbol                                            File
ADC_Disable                                       lowpower.o
Analog_Comparator_Disable                         lowpower.o
Deep_Sleep                                        lowpower.o
                                                  main.o
Sleep_Init                                        lowpower.o
                                                  main.o
WDT_Get_Ticks                                     lowpower.o
WDT_Ticks                                         lowpower.o
__bad_interrupt                                   c:/winavr-20100110/bin/../lib/gcc/avr/4.3.3/../../../../avr/lib/avr5/crtm328p.o
__bss_end                                         c:/winavr-20100110/bin/../lib/gcc/avr/4.3.3/avr5\libgcc.a(_clear_bss.o)
__bss_start                                       c:/winavr-20100110/bin/../lib/gcc/avr/4.3.3/avr5\libgcc.a(_clear_bss.o)
__data_end                                        c:/winavr-20100110/bin/../lib/gcc/avr/4.3.3/avr5\libgcc.a(_copy_data.o)
__data_load_start                                 c:/winavr-20100110/bin/../lib/gcc/avr/4.3.3/avr5\libgcc.a(_copy_data.o)
__data_start                                      c:/winavr-20100110/bin/../lib/gcc/avr/4.3.3/avr5\libgcc.a(_copy_data.o)
__do_clear_bss                                    c:/winavr-20100110/bin/../lib/gcc/avr/4.3.3/avr5\libgcc.a(_clear_bss.o)
                                                  nrf24l01pv2.o
                                                  lowpower.o
                                                  main.o
__do_copy_data                                    c:/winavr-20100110/bin/../lib/gcc/avr/4.3.3/avr5\libgcc.a(_copy_data.o)
                                                  nrf24l01pv2.o
                                                  main.o
__heap_end                                        c:/winavr-20100110/bin/../lib/gcc/avr/4.3.3/../../../../avr/lib/avr5/crtm328p.o
__init                                            c:/winavr-20100110/bin/../lib/gcc/avr/4.3.3/../../../../avr/lib/avr5/crtm328p.o
__stack                                           c:/winavr-20100110/bin/../lib/gcc/avr/4.3.3/../../../../avr/lib/avr5/crtm328p.o
__vector_1                                        c:/winavr-20100110/bin/../lib/gcc/avr/4.3.3/../../../../avr/lib/avr5/crtm328p.o
__vector_10                                       c:/winavr-20100110/bin/../lib/gcc/avr/4.3.3/../../../../avr/lib/avr5/crtm328p.o
__vector_11                                       c:/winavr-20100110/bin/../lib/gcc/avr/4.3.3/../../../../avr/lib/avr5/crtm328p.o
__vector_12                                       c:/winavr-20100110/bin/../lib/gcc/avr/4.3.3/../../../../avr/lib/avr5/crtm328p.o
__vector_13                                       c:/winavr-20100110/bin/../lib/gcc/avr/4.3.3/../../../../avr/lib/avr5/crtm328p.o
__vector_14                                       c:/winavr-20100110/bin/../lib/gcc/avr/4.3.3/../../../../avr/lib/avr5/crtm328p.o
__vector_15                                       c:/winavr-20100110/bin/../lib/gcc/avr/4.3.3/../../../../avr/lib/avr5/crtm328p.o
__vector_16                                       c:/winavr-20100110/bin/../lib/gcc/avr/4.3.3/../../../../avr/lib/avr5/crtm328p.o
__vector_17                                       c:/winavr-20100110/bin/../lib/gcc/avr/4.3.3/../../../../avr/lib/avr5/crtm328p.o
__vector_18                                       c:/winavr-20100110/bin/../lib/gcc/avr/4.3.3/../../../../avr/lib/avr5/crtm328p.o
__vector_19                                       c:/winavr-20100110/bin/../lib/gcc/avr/4.3.3/../../../../avr/lib/avr5/crtm328p.o
__vector_2                                        c:/winavr-20100110/bin/../lib/gcc/avr/4.3.3/../../../../avr/lib/avr5/crtm328p.o
__vector_20                                       c:/winavr-20100110/bin/../lib/gcc/avr/4.3.3/../../../../avr/lib/avr5/crtm328p.o
__vector_21                                       c:/winavr-20100110/bin/../lib/gcc/avr/4.3.3/../../../../avr/lib/avr5/crtm328p.o
__vector_22                                       c:/winavr-20100110/bin/../lib/gcc/avr/4.3.3/../../../../avr/lib/avr5/crtm328p.o
__vector_23                                       c:/winavr-20100110/bin/../lib/gcc/avr/4.3.3/../../../../avr/lib/avr5/crtm328p.o
__vector_24                                       c:/winavr-20100110/bin/../lib/gcc/avr/4.3.3/../../../../avr/lib/avr5/crtm328p.o
__vector_25                                       c:/winavr-20100110/bin/../lib/gcc/avr/4.3.3/../../../../avr/lib/avr5/crtm328p.o
__vector_3                                        c:/winavr-20100110/bin/../lib/gcc/avr/4.3.3/../../../../avr/lib/avr5/crtm328p.o
__vector_4                                        c:/winavr-20100110/bin/../lib/gcc/avr/4.3.3/../../../../avr/lib/avr5/crtm328p.o
__vector_5                                        c:/winavr-20100110/bin/../lib/gcc/avr/4.3.3/../../../../avr/lib/avr5/crtm328p.o
__vector_6                                        lowpower.o
                                                  c:/winavr-20100110/bin/../lib/gcc/avr/4.3.3/../../../../avr/lib/avr5/crtm328p.o
__vector_7                                        c:/winavr-20100110/bin/../lib/gcc/avr/4.3.3/../../../../avr/lib/avr5/crtm328p.o
__vector_8                                        c:/winavr-20100110/bin/../lib/gcc/avr/4.3.3/../../../../avr/lib/avr5/crtm328p.o
__vector_9                                        c:/winavr-20100110/bin/../lib/gcc/avr/4.3.3/../../../../avr/lib/avr5/crtm328p.o
__vector_default                                  c:/winavr-20100110/bin/../lib/gcc/avr/4.3.3/../../../../avr/lib/avr5/crtm328p.o
__vectors                                         c:/winavr-20100110/bin/../lib/gcc/avr/4.3.3/../../../../avr/lib/avr5/crtm328p.o
_exit                                             c:/winavr-20100110/bin/../lib/gcc/avr/4.3.3/avr5\libgcc.a(_exit.o)
exit                                              c:/winavr-20100110/bin/../lib/gcc/avr/4.3.3/avr5\libgcc.a(_exit.o)
                                                  c:/winavr-20100110/bin/../lib/gcc/avr/4.3.3/../../../../avr/lib/avr5/crtm328p.o
last_val                                          main.o
main                                              main.o
                                                  c:/winavr-20100110/bin/../lib/gcc/avr/4.3.3/../../../../avr/lib/avr5/crtm328p.o
nRF24L01P                                         nrf24l01pv2.o
nRF24L01P_CE_High                                 nrf24l01pv2.o
nRF24L01P_CE_Low                                  nrf24l01pv2.o
nRF24L01P_CSN_High                                nrf24l01pv2.o
nRF24L01P_CSN_Low                                 nrf24l01pv2.o
nRF24L01P_Calcuate_CRC                            nrf24l01pv2.o
nRF24L01P_Calcuate_CRC_Block                      nrf24l01pv2.o
nRF24L01P_Deep_Sleep                              nrf24l01pv2.o
                                                  main.o
nRF24L01P_Disable                                 nrf24l01pv2.o
nRF24L01P_Disable_GPIO                            nrf24l01pv2.o
nRF24L01P_Disable_SPI                             nrf24l01pv2.o
nRF24L01P_Enable                                  nrf24l01pv2.o
nRF24L01P_Enable_GPIO                             nrf24l01pv2.o
nRF24L01P_Enable_SPI                              nrf24l01pv2.o
nRF24L01P_Error_Clear                             nrf24l01pv2.o
nRF24L01P_Error_Timeout                           nrf24l01pv2.o
nRF24L01P_Flush_Receive_Buffer                    nrf24l01pv2.o
nRF24L01P_Flush_Transmit_Buffer                   nrf24l01pv2.o
nRF24L01P_Get_Channel                             nrf24l01pv2.o
nRF24L01P_Get_Error                               nrf24l01pv2.o
nRF24L01P_Get_Mode                                nrf24l01pv2.o
nRF24L01P_Get_Speed                               nrf24l01pv2.o
nRF24L01P_Get_Tx_Power                            nrf24l01pv2.o
nRF24L01P_Init                                    nrf24l01pv2.o
                                                  main.o
nRF24L01P_ReadModifyWrite                         nrf24l01pv2.o
nRF24L01P_ReadWrite_Register                      nrf24l01pv2.o
nRF24L01P_Read_Data_From_Receive_Buffer           nrf24l01pv2.o
nRF24L01P_Receive_Buffer_Not_Empty                nrf24l01pv2.o
nRF24L01P_Recieve_Basic                           nrf24l01pv2.o
nRF24L01P_Recieve_With_ACK                        nrf24l01pv2.o
nRF24L01P_SPI_Transfer                            nrf24l01pv2.o
nRF24L01P_Set_Channel                             nrf24l01pv2.o
nRF24L01P_Set_Destination_Address                 nrf24l01pv2.o
nRF24L01P_Set_MaxRetransmission                   nrf24l01pv2.o
nRF24L01P_Set_Mode_Rx                             nrf24l01pv2.o
nRF24L01P_Set_Mode_Sleep                          nrf24l01pv2.o
nRF24L01P_Set_Mode_Tx                             nrf24l01pv2.o
nRF24L01P_Set_Own_Address                         nrf24l01pv2.o
nRF24L01P_Set_Receive_Timeout                     nrf24l01pv2.o
nRF24L01P_Set_Speed                               nrf24l01pv2.o
nRF24L01P_Set_Tx_Power                            nrf24l01pv2.o
nRF24L01P_Struct_Init                             nrf24l01pv2.o
nRF24L01P_Transmit_Basic                          nrf24l01pv2.o
                                                  main.o
nRF24L01P_Transmit_Buffer_Empty                   nrf24l01pv2.o
nRF24L01P_Transmit_With_ACK                       nrf24l01pv2.o
nRF24L01P_Wait_Till_Transmission_Completes        nrf24l01pv2.o
nRF24L01P_WakeUp                                  nrf24l01pv2.o
                                                  main.o
nRF24L01P_Write_Data_To_Transmit_Buffer           nrf24l01pv2.o
nRF24L01P_type                                    nrf24l01pv2.o
state                                             main.o
