Archive member included because of file (symbol)

c:/winavr-20100110/bin/../lib/gcc/avr/4.3.3/avr5\libgcc.a(_mulsi3.o)
                              vsns.o (__mulsi3)
c:/winavr-20100110/bin/../lib/gcc/avr/4.3.3/avr5\libgcc.a(_divmodsi4.o)
                              dataconv.o (__divmodsi4)
c:/winavr-20100110/bin/../lib/gcc/avr/4.3.3/avr5\libgcc.a(_exit.o)
                              c:/winavr-20100110/bin/../lib/gcc/avr/4.3.3/../../../../avr/lib/avr5/crtm328p.o (exit)
c:/winavr-20100110/bin/../lib/gcc/avr/4.3.3/avr5\libgcc.a(_copy_data.o)
                              nrf24l01pv2.o (__do_copy_data)
c:/winavr-20100110/bin/../lib/gcc/avr/4.3.3/avr5\libgcc.a(_clear_bss.o)
                              main.o (__do_clear_bss)
c:/winavr-20100110/bin/../lib/gcc/avr/4.3.3/avr5\libgcc.a(_udivmodsi4.o)
                              c:/winavr-20100110/bin/../lib/gcc/avr/4.3.3/avr5\libgcc.a(_divmodsi4.o) (__udivmodsi4)

Allocating common symbols
Common symbol       size              file

nRF24L01P_type      0x13              nrf24l01pv2.o
nRF24L01P           0x2               nrf24l01pv2.o

Memory Configuration

Name             Origin             Length             Attributes
text             0x00000000         0x00020000         xr
data             0x00800060         0x0000ffa0         rw !x
eeprom           0x00810000         0x00010000         rw !x
fuse             0x00820000         0x00000400         rw !x
lock             0x00830000         0x00000400         rw !x
signature        0x00840000         0x00000400         rw !x
*default*        0x00000000         0xffffffff

Linker script and memory map

Address of section .data set to 0x800100
LOAD c:/winavr-20100110/bin/../lib/gcc/avr/4.3.3/../../../../avr/lib/avr5/crtm328p.o
LOAD main.o
LOAD lowpower.o
LOAD nrf24l01pv2.o
LOAD vsns.o
LOAD dataconv.o
LOAD c:/winavr-20100110/bin/../lib/gcc/avr/4.3.3/../../../../avr/lib/avr5\libm.a
LOAD c:/winavr-20100110/bin/../lib/gcc/avr/4.3.3/avr5\libgcc.a
LOAD c:/winavr-20100110/bin/../lib/gcc/avr/4.3.3/../../../../avr/lib/avr5\libc.a
LOAD c:/winavr-20100110/bin/../lib/gcc/avr/4.3.3/avr5\libgcc.a

.hash
 *(.hash)

.dynsym
 *(.dynsym)

.dynstr
 *(.dynstr)

.gnu.version
 *(.gnu.version)

.gnu.version_d
 *(.gnu.version_d)

.gnu.version_r
 *(.gnu.version_r)

.rel.init
 *(.rel.init)

.rela.init
 *(.rela.init)

.rel.text
 *(.rel.text)
 *(.rel.text.*)
 *(.rel.gnu.linkonce.t*)

.rela.text
 *(.rela.text)
 *(.rela.text.*)
 *(.rela.gnu.linkonce.t*)

.rel.fini
 *(.rel.fini)

.rela.fini
 *(.rela.fini)

.rel.rodata
 *(.rel.rodata)
 *(.rel.rodata.*)
 *(.rel.gnu.linkonce.r*)

.rela.rodata
 *(.rela.rodata)
 *(.rela.rodata.*)
 *(.rela.gnu.linkonce.r*)

.rel.data
 *(.rel.data)
 *(.rel.data.*)
 *(.rel.gnu.linkonce.d*)

.rela.data
 *(.rela.data)
 *(.rela.data.*)
 *(.rela.gnu.linkonce.d*)

.rel.ctors
 *(.rel.ctors)

.rela.ctors
 *(.rela.ctors)

.rel.dtors
 *(.rel.dtors)

.rela.dtors
 *(.rela.dtors)

.rel.got
 *(.rel.got)

.rela.got
 *(.rela.got)

.rel.bss
 *(.rel.bss)

.rela.bss
 *(.rela.bss)

.rel.plt
 *(.rel.plt)

.rela.plt
 *(.rela.plt)

.text           0x00000000      0xfde
 *(.vectors)
 .vectors       0x00000000       0x68 c:/winavr-20100110/bin/../lib/gcc/avr/4.3.3/../../../../avr/lib/avr5/crtm328p.o
                0x00000000                __vectors
                0x00000000                __vector_default
 *(.vectors)
 *(.progmem.gcc*)
 *(.progmem*)
                0x00000068                . = ALIGN (0x2)
                0x00000068                __trampolines_start = .
 *(.trampolines)
 .trampolines   0x00000068        0x0 linker stubs
 *(.trampolines*)
                0x00000068                __trampolines_end = .
 *(.jumptables)
 *(.jumptables*)
 *(.lowtext)
 *(.lowtext*)
                0x00000068                __ctors_start = .
 *(.ctors)
                0x00000068                __ctors_end = .
                0x00000068                __dtors_start = .
 *(.dtors)
                0x00000068                __dtors_end = .
 SORT(*)(.ctors)
 SORT(*)(.dtors)
 *(.init0)
 .init0         0x00000068        0x0 c:/winavr-20100110/bin/../lib/gcc/avr/4.3.3/../../../../avr/lib/avr5/crtm328p.o
                0x00000068                __init
 *(.init0)
 *(.init1)
 *(.init1)
 *(.init2)
 .init2         0x00000068        0xc c:/winavr-20100110/bin/../lib/gcc/avr/4.3.3/../../../../avr/lib/avr5/crtm328p.o
 *(.init2)
 *(.init3)
 *(.init3)
 *(.init4)
 .init4         0x00000074       0x16 c:/winavr-20100110/bin/../lib/gcc/avr/4.3.3/avr5\libgcc.a(_copy_data.o)
                0x00000074                __do_copy_data
 .init4         0x0000008a       0x10 c:/winavr-20100110/bin/../lib/gcc/avr/4.3.3/avr5\libgcc.a(_clear_bss.o)
                0x0000008a                __do_clear_bss
 *(.init4)
 *(.init5)
 *(.init5)
 *(.init6)
 *(.init6)
 *(.init7)
 *(.init7)
 *(.init8)
 *(.init8)
 *(.init9)
 .init9         0x0000009a        0x8 c:/winavr-20100110/bin/../lib/gcc/avr/4.3.3/../../../../avr/lib/avr5/crtm328p.o
 *(.init9)
 *(.text)
 .text          0x000000a2        0x4 c:/winavr-20100110/bin/../lib/gcc/avr/4.3.3/../../../../avr/lib/avr5/crtm328p.o
                0x000000a2                __vector_22
                0x000000a2                __vector_1
                0x000000a2                __vector_24
                0x000000a2                __vector_12
                0x000000a2                __bad_interrupt
                0x000000a2                __vector_3
                0x000000a2                __vector_23
                0x000000a2                __vector_25
                0x000000a2                __vector_11
                0x000000a2                __vector_13
                0x000000a2                __vector_17
                0x000000a2                __vector_19
                0x000000a2                __vector_7
                0x000000a2                __vector_5
                0x000000a2                __vector_4
                0x000000a2                __vector_9
                0x000000a2                __vector_2
                0x000000a2                __vector_21
                0x000000a2                __vector_15
                0x000000a2                __vector_8
                0x000000a2                __vector_14
                0x000000a2                __vector_10
                0x000000a2                __vector_16
                0x000000a2                __vector_18
                0x000000a2                __vector_20
 .text          0x000000a6       0xa0 main.o
                0x000000a6                main
 .text          0x00000146       0xcc lowpower.o
                0x00000146                Deep_Sleep
                0x000001b6                __vector_6
                0x0000018c                Sleep_Init
                0x00000162                ADC_Disable
                0x0000016e                Analog_Comparator_Disable
                0x00000176                WDT_Get_Ticks
 .text          0x00000212      0x9ba nrf24l01pv2.o
                0x000008a2                nRF24L01P_Init
                0x0000084a                nRF24L01P_Set_Destination_Address
                0x000005b0                nRF24L01P_Set_Mode_Tx
                0x00000b56                nRF24L01P_Transmit_With_ACK
                0x00000326                nRF24L01P_SPI_Transfer
                0x00000364                nRF24L01P_Calcuate_CRC
                0x000004da                nRF24L01P_Flush_Receive_Buffer
                0x000002a2                nRF24L01P_Enable_SPI
                0x000005e4                nRF24L01P_Set_Mode_Rx
                0x00000588                nRF24L01P_Set_Mode_Sleep
                0x00000864                nRF24L01P_Set_MaxRetransmission
                0x00000272                nRF24L01P_CSN_High
                0x000006e6                nRF24L01P_Get_Speed
                0x0000073c                nRF24L01P_Set_Speed
                0x00000390                nRF24L01P_Calcuate_CRC_Block
                0x0000079e                nRF24L01P_Get_Tx_Power
                0x00000514                nRF24L01P_Receive_Buffer_Not_Empty
                0x00000470                nRF24L01P_Transmit_Buffer_Empty
                0x000002b2                nRF24L01P_Enable
                0x00000276                nRF24L01P_CSN_Low
                0x000007d0                nRF24L01P_Set_Tx_Power
                0x000002da                nRF24L01P_Get_Error
                0x000002fc                nRF24L01P_Error_Timeout
                0x0000083e                nRF24L01P_Set_Own_Address
                0x00000856                nRF24L01P_Set_Receive_Timeout
                0x00000614                nRF24L01P_ReadModifyWrite
                0x00000294                nRF24L01P_Disable_GPIO
                0x000002c0                nRF24L01P_Disable
                0x00000a56                nRF24L01P_Transmit_Basic
                0x000006bc                nRF24L01P_Set_Channel
                0x00000690                nRF24L01P_Get_Channel
                0x000002ca                nRF24L01P_Error_Clear
                0x00000546                nRF24L01P_Get_Mode
                0x00000282                nRF24L01P_Enable_GPIO
                0x000004ac                nRF24L01P_Wait_Till_Transmission_Completes
                0x00000ab4                nRF24L01P_Recieve_Basic
                0x00000454                nRF24L01P_Write_Data_To_Transmit_Buffer
                0x000002e6                nRF24L01P_No_Error
                0x00000436                nRF24L01P_Flush_Transmit_Buffer
                0x0000088a                nRF24L01P_WakeUp
                0x00000b88                nRF24L01P_Recieve_With_ACK
                0x000002ac                nRF24L01P_Disable_SPI
                0x00000212                nRF24L01P_Struct_Init
                0x00000872                nRF24L01P_Deep_Sleep
                0x0000027a                nRF24L01P_CE_High
                0x0000027e                nRF24L01P_CE_Low
                0x000004f8                nRF24L01P_Read_Data_From_Receive_Buffer
                0x000003c0                nRF24L01P_ReadWrite_Register
 .text          0x00000bcc      0x14e vsns.o
                0x00000bcc                Vsns_ADC_Reference_Internal
                0x00000c18                Vsns_ADC_Read
                0x00000bd8                Vsns_ADC_Reference_Avcc
                0x00000bea                Vsns_ADC_Enable
                0x00000c08                Vsns_ADC_Init
                0x00000c5c                Vsns_V_Read
                0x00000c58                Vsns_PMOS_Disable
                0x00000cfc                Vsns_Init
                0x00000bf6                Vsns_ADC_Disable
                0x00000c54                Vsns_PMOS_Enable
 .text          0x00000d1a      0x208 dataconv.o
                0x00000d6e                dataconv_word_to_hex_char
                0x00000d98                dataconv_dword_to_hex_char
                0x00000dda                dataconv_dword_to_char
                0x00000d1a                dataconv_nibble_to_hex_char
                0x00000f1c                dataconv_dword_to_num_len
                0x00000e00                dataconv_dword_to_num
                0x00000d34                dataconv_byte_to_hex_char
 .text          0x00000f22        0x0 c:/winavr-20100110/bin/../lib/gcc/avr/4.3.3/avr5\libgcc.a(_mulsi3.o)
 .text          0x00000f22        0x0 c:/winavr-20100110/bin/../lib/gcc/avr/4.3.3/avr5\libgcc.a(_divmodsi4.o)
 .text          0x00000f22        0x0 c:/winavr-20100110/bin/../lib/gcc/avr/4.3.3/avr5\libgcc.a(_exit.o)
 .text          0x00000f22        0x0 c:/winavr-20100110/bin/../lib/gcc/avr/4.3.3/avr5\libgcc.a(_copy_data.o)
 .text          0x00000f22        0x0 c:/winavr-20100110/bin/../lib/gcc/avr/4.3.3/avr5\libgcc.a(_clear_bss.o)
 .text          0x00000f22        0x0 c:/winavr-20100110/bin/../lib/gcc/avr/4.3.3/avr5\libgcc.a(_udivmodsi4.o)
                0x00000f22                . = ALIGN (0x2)
 *(.text.*)
 .text.libgcc   0x00000f22       0x3e c:/winavr-20100110/bin/../lib/gcc/avr/4.3.3/avr5\libgcc.a(_mulsi3.o)
                0x00000f22                __mulsi3
 .text.libgcc   0x00000f60       0x36 c:/winavr-20100110/bin/../lib/gcc/avr/4.3.3/avr5\libgcc.a(_divmodsi4.o)
                0x00000f60                __divmodsi4
 .text.libgcc   0x00000f96        0x0 c:/winavr-20100110/bin/../lib/gcc/avr/4.3.3/avr5\libgcc.a(_exit.o)
 .text.libgcc   0x00000f96        0x0 c:/winavr-20100110/bin/../lib/gcc/avr/4.3.3/avr5\libgcc.a(_copy_data.o)
 .text.libgcc   0x00000f96        0x0 c:/winavr-20100110/bin/../lib/gcc/avr/4.3.3/avr5\libgcc.a(_clear_bss.o)
 .text.libgcc   0x00000f96       0x44 c:/winavr-20100110/bin/../lib/gcc/avr/4.3.3/avr5\libgcc.a(_udivmodsi4.o)
                0x00000f96                __udivmodsi4
                0x00000fda                . = ALIGN (0x2)
 *(.fini9)
 .fini9         0x00000fda        0x0 c:/winavr-20100110/bin/../lib/gcc/avr/4.3.3/avr5\libgcc.a(_exit.o)
                0x00000fda                exit
                0x00000fda                _exit
 *(.fini9)
 *(.fini8)
 *(.fini8)
 *(.fini7)
 *(.fini7)
 *(.fini6)
 *(.fini6)
 *(.fini5)
 *(.fini5)
 *(.fini4)
 *(.fini4)
 *(.fini3)
 *(.fini3)
 *(.fini2)
 *(.fini2)
 *(.fini1)
 *(.fini1)
 *(.fini0)
 .fini0         0x00000fda        0x4 c:/winavr-20100110/bin/../lib/gcc/avr/4.3.3/avr5\libgcc.a(_exit.o)
 *(.fini0)
                0x00000fde                _etext = .

.data           0x00800100       0x24 load address 0x00000fde
                0x00800100                PROVIDE (__data_start, .)
 *(.data)
 .data          0x00800100        0x0 c:/winavr-20100110/bin/../lib/gcc/avr/4.3.3/../../../../avr/lib/avr5/crtm328p.o
 .data          0x00800100        0x0 main.o
 .data          0x00800100        0x0 lowpower.o
 .data          0x00800100       0x24 nrf24l01pv2.o
 .data          0x00800124        0x0 vsns.o
 .data          0x00800124        0x0 dataconv.o
 .data          0x00800124        0x0 c:/winavr-20100110/bin/../lib/gcc/avr/4.3.3/avr5\libgcc.a(_mulsi3.o)
 .data          0x00800124        0x0 c:/winavr-20100110/bin/../lib/gcc/avr/4.3.3/avr5\libgcc.a(_divmodsi4.o)
 .data          0x00800124        0x0 c:/winavr-20100110/bin/../lib/gcc/avr/4.3.3/avr5\libgcc.a(_exit.o)
 .data          0x00800124        0x0 c:/winavr-20100110/bin/../lib/gcc/avr/4.3.3/avr5\libgcc.a(_copy_data.o)
 .data          0x00800124        0x0 c:/winavr-20100110/bin/../lib/gcc/avr/4.3.3/avr5\libgcc.a(_clear_bss.o)
 .data          0x00800124        0x0 c:/winavr-20100110/bin/../lib/gcc/avr/4.3.3/avr5\libgcc.a(_udivmodsi4.o)
 *(.data*)
 *(.rodata)
 *(.rodata*)
 *(.gnu.linkonce.d*)
                0x00800124                . = ALIGN (0x2)
                0x00800124                _edata = .
                0x00800124                PROVIDE (__data_end, .)

.bss            0x00800124       0x1f
                0x00800124                PROVIDE (__bss_start, .)
 *(.bss)
 .bss           0x00800124        0x0 c:/winavr-20100110/bin/../lib/gcc/avr/4.3.3/../../../../avr/lib/avr5/crtm328p.o
 .bss           0x00800124        0x5 main.o
                0x00800128                state
                0x00800124                last_val
 .bss           0x00800129        0x4 lowpower.o
                0x00800129                WDT_Ticks
 .bss           0x0080012d        0x0 nrf24l01pv2.o
 .bss           0x0080012d        0x0 vsns.o
 .bss           0x0080012d        0x1 dataconv.o
                0x0080012d                dataconv_data_len
 .bss           0x0080012e        0x0 c:/winavr-20100110/bin/../lib/gcc/avr/4.3.3/avr5\libgcc.a(_mulsi3.o)
 .bss           0x0080012e        0x0 c:/winavr-20100110/bin/../lib/gcc/avr/4.3.3/avr5\libgcc.a(_divmodsi4.o)
 .bss           0x0080012e        0x0 c:/winavr-20100110/bin/../lib/gcc/avr/4.3.3/avr5\libgcc.a(_exit.o)
 .bss           0x0080012e        0x0 c:/winavr-20100110/bin/../lib/gcc/avr/4.3.3/avr5\libgcc.a(_copy_data.o)
 .bss           0x0080012e        0x0 c:/winavr-20100110/bin/../lib/gcc/avr/4.3.3/avr5\libgcc.a(_clear_bss.o)
 .bss           0x0080012e        0x0 c:/winavr-20100110/bin/../lib/gcc/avr/4.3.3/avr5\libgcc.a(_udivmodsi4.o)
 *(.bss*)
 *(COMMON)
 COMMON         0x0080012e       0x15 nrf24l01pv2.o
                0x0080012e                nRF24L01P_type
                0x00800141                nRF24L01P
                0x00800143                PROVIDE (__bss_end, .)
                0x00000fde                __data_load_start = LOADADDR (.data)
                0x00001002                __data_load_end = (__data_load_start + SIZEOF (.data))

.noinit         0x00800143        0x0
                0x00800143                PROVIDE (__noinit_start, .)
 *(.noinit*)
                0x00800143                PROVIDE (__noinit_end, .)
                0x00800143                _end = .
                0x00800143                PROVIDE (__heap_start, .)

.eeprom         0x00810000        0x0
 *(.eeprom*)
                0x00810000                __eeprom_end = .

.fuse
 *(.fuse)
 *(.lfuse)
 *(.hfuse)
 *(.efuse)

.lock
 *(.lock*)

.signature
 *(.signature*)

.stab
 *(.stab)

.stabstr
 *(.stabstr)

.stab.excl
 *(.stab.excl)

.stab.exclstr
 *(.stab.exclstr)

.stab.index
 *(.stab.index)

.stab.indexstr
 *(.stab.indexstr)

.comment
 *(.comment)

.debug
 *(.debug)

.line
 *(.line)

.debug_srcinfo
 *(.debug_srcinfo)

.debug_sfnames
 *(.debug_sfnames)

.debug_aranges  0x00000000       0xa0
 *(.debug_aranges)
 .debug_aranges
                0x00000000       0x20 main.o
 .debug_aranges
                0x00000020       0x20 lowpower.o
 .debug_aranges
                0x00000040       0x20 nrf24l01pv2.o
 .debug_aranges
                0x00000060       0x20 vsns.o
 .debug_aranges
                0x00000080       0x20 dataconv.o

.debug_pubnames
                0x00000000      0x82a
 *(.debug_pubnames)
 .debug_pubnames
                0x00000000       0x32 main.o
 .debug_pubnames
                0x00000032       0x8d lowpower.o
 .debug_pubnames
                0x000000bf      0x591 nrf24l01pv2.o
 .debug_pubnames
                0x00000650       0xe4 vsns.o
 .debug_pubnames
                0x00000734       0xf6 dataconv.o

.debug_info     0x00000000     0x1650
 *(.debug_info)
 .debug_info    0x00000000       0xfa main.o
 .debug_info    0x000000fa      0x154 lowpower.o
 .debug_info    0x0000024e      0xea5 nrf24l01pv2.o
 .debug_info    0x000010f3      0x248 vsns.o
 .debug_info    0x0000133b      0x315 dataconv.o
 *(.gnu.linkonce.wi.*)

.debug_abbrev   0x00000000      0x6ed
 *(.debug_abbrev)
 .debug_abbrev  0x00000000       0xa3 main.o
 .debug_abbrev  0x000000a3       0xd7 lowpower.o
 .debug_abbrev  0x0000017a      0x346 nrf24l01pv2.o
 .debug_abbrev  0x000004c0       0xee vsns.o
 .debug_abbrev  0x000005ae      0x13f dataconv.o

.debug_line     0x00000000     0x12c3
 *(.debug_line)
 .debug_line    0x00000000      0x129 main.o
 .debug_line    0x00000129      0x16f lowpower.o
 .debug_line    0x00000298      0xbff nrf24l01pv2.o
 .debug_line    0x00000e97      0x237 vsns.o
 .debug_line    0x000010ce      0x1f5 dataconv.o

.debug_frame    0x00000000      0x4d0
 *(.debug_frame)
 .debug_frame   0x00000000       0x20 main.o
 .debug_frame   0x00000020       0x70 lowpower.o
 .debug_frame   0x00000090      0x310 nrf24l01pv2.o
 .debug_frame   0x000003a0       0xb0 vsns.o
 .debug_frame   0x00000450       0x80 dataconv.o

.debug_str      0x00000000      0x8e0
 *(.debug_str)
 .debug_str     0x00000000       0xcf main.o
                                0x103 (size before relaxing)
 .debug_str     0x000000cf       0x5b lowpower.o
                                0x151 (size before relaxing)
 .debug_str     0x0000012a      0x5fd nrf24l01pv2.o
                                0x6f5 (size before relaxing)
 .debug_str     0x00000727       0xb7 vsns.o
                                0x1ac (size before relaxing)
 .debug_str     0x000007de      0x102 dataconv.o
                                0x1fe (size before relaxing)

.debug_loc      0x00000000      0x953
 *(.debug_loc)
 .debug_loc     0x00000000       0x1e main.o
 .debug_loc     0x0000001e       0x13 lowpower.o
 .debug_loc     0x00000031      0x5ca nrf24l01pv2.o
 .debug_loc     0x000005fb       0x57 vsns.o
 .debug_loc     0x00000652      0x301 dataconv.o

.debug_macinfo
 *(.debug_macinfo)
OUTPUT(main.elf elf32-avr)
LOAD linker stubs

.debug_ranges   0x00000000       0x78
 .debug_ranges  0x00000000       0x78 nrf24l01pv2.o

Cross Reference Table

Symbol                                            File
ADC_Disable                                       lowpower.o
Analog_Comparator_Disable                         lowpower.o
Deep_Sleep                                        lowpower.o
                                                  main.o
Sleep_Init                                        lowpower.o
                                                  main.o
Vsns_ADC_Disable                                  vsns.o
Vsns_ADC_Enable                                   vsns.o
Vsns_ADC_Init                                     vsns.o
Vsns_ADC_Read                                     vsns.o
Vsns_ADC_Reference_Avcc                           vsns.o
Vsns_ADC_Reference_Internal                       vsns.o
Vsns_Init                                         vsns.o
                                                  main.o
Vsns_PMOS_Disable                                 vsns.o
Vsns_PMOS_Enable                                  vsns.o
Vsns_V_Read                                       vsns.o
                                                  main.o
WDT_Get_Ticks                                     lowpower.o
WDT_Ticks                                         lowpower.o
__bad_interrupt                                   c:/winavr-20100110/bin/../lib/gcc/avr/4.3.3/../../../../avr/lib/avr5/crtm328p.o
__bss_end                                         c:/winavr-20100110/bin/../lib/gcc/avr/4.3.3/avr5\libgcc.a(_clear_bss.o)
__bss_start                                       c:/winavr-20100110/bin/../lib/gcc/avr/4.3.3/avr5\libgcc.a(_clear_bss.o)
__data_end                                        c:/winavr-20100110/bin/../lib/gcc/avr/4.3.3/avr5\libgcc.a(_copy_data.o)
__data_load_start                                 c:/winavr-20100110/bin/../lib/gcc/avr/4.3.3/avr5\libgcc.a(_copy_data.o)
__data_start                                      c:/winavr-20100110/bin/../lib/gcc/avr/4.3.3/avr5\libgcc.a(_copy_data.o)
__divmodsi4                                       c:/winavr-20100110/bin/../lib/gcc/avr/4.3.3/avr5\libgcc.a(_divmodsi4.o)
                                                  dataconv.o
__do_clear_bss                                    c:/winavr-20100110/bin/../lib/gcc/avr/4.3.3/avr5\libgcc.a(_clear_bss.o)
                                                  dataconv.o
                                                  nrf24l01pv2.o
                                                  lowpower.o
                                                  main.o
__do_copy_data                                    c:/winavr-20100110/bin/../lib/gcc/avr/4.3.3/avr5\libgcc.a(_copy_data.o)
                                                  nrf24l01pv2.o
__heap_end                                        c:/winavr-20100110/bin/../lib/gcc/avr/4.3.3/../../../../avr/lib/avr5/crtm328p.o
__init                                            c:/winavr-20100110/bin/../lib/gcc/avr/4.3.3/../../../../avr/lib/avr5/crtm328p.o
__mulsi3                                          c:/winavr-20100110/bin/../lib/gcc/avr/4.3.3/avr5\libgcc.a(_mulsi3.o)
                                                  vsns.o
__stack                                           c:/winavr-20100110/bin/../lib/gcc/avr/4.3.3/../../../../avr/lib/avr5/crtm328p.o
__udivmodsi4                                      c:/winavr-20100110/bin/../lib/gcc/avr/4.3.3/avr5\libgcc.a(_udivmodsi4.o)
                                                  c:/winavr-20100110/bin/../lib/gcc/avr/4.3.3/avr5\libgcc.a(_divmodsi4.o)
__vector_1                                        c:/winavr-20100110/bin/../lib/gcc/avr/4.3.3/../../../../avr/lib/avr5/crtm328p.o
__vector_10                                       c:/winavr-20100110/bin/../lib/gcc/avr/4.3.3/../../../../avr/lib/avr5/crtm328p.o
__vector_11                                       c:/winavr-20100110/bin/../lib/gcc/avr/4.3.3/../../../../avr/lib/avr5/crtm328p.o
__vector_12                                       c:/winavr-20100110/bin/../lib/gcc/avr/4.3.3/../../../../avr/lib/avr5/crtm328p.o
__vector_13                                       c:/winavr-20100110/bin/../lib/gcc/avr/4.3.3/../../../../avr/lib/avr5/crtm328p.o
__vector_14                                       c:/winavr-20100110/bin/../lib/gcc/avr/4.3.3/../../../../avr/lib/avr5/crtm328p.o
__vector_15                                       c:/winavr-20100110/bin/../lib/gcc/avr/4.3.3/../../../../avr/lib/avr5/crtm328p.o
__vector_16                                       c:/winavr-20100110/bin/../lib/gcc/avr/4.3.3/../../../../avr/lib/avr5/crtm328p.o
__vector_17                                       c:/winavr-20100110/bin/../lib/gcc/avr/4.3.3/../../../../avr/lib/avr5/crtm328p.o
__vector_18                                       c:/winavr-20100110/bin/../lib/gcc/avr/4.3.3/../../../../avr/lib/avr5/crtm328p.o
__vector_19                                       c:/winavr-20100110/bin/../lib/gcc/avr/4.3.3/../../../../avr/lib/avr5/crtm328p.o
__vector_2                                        c:/winavr-20100110/bin/../lib/gcc/avr/4.3.3/../../../../avr/lib/avr5/crtm328p.o
__vector_20                                       c:/winavr-20100110/bin/../lib/gcc/avr/4.3.3/../../../../avr/lib/avr5/crtm328p.o
__vector_21                                       c:/winavr-20100110/bin/../lib/gcc/avr/4.3.3/../../../../avr/lib/avr5/crtm328p.o
__vector_22                                       c:/winavr-20100110/bin/../lib/gcc/avr/4.3.3/../../../../avr/lib/avr5/crtm328p.o
__vector_23                                       c:/winavr-20100110/bin/../lib/gcc/avr/4.3.3/../../../../avr/lib/avr5/crtm328p.o
__vector_24                                       c:/winavr-20100110/bin/../lib/gcc/avr/4.3.3/../../../../avr/lib/avr5/crtm328p.o
__vector_25                                       c:/winavr-20100110/bin/../lib/gcc/avr/4.3.3/../../../../avr/lib/avr5/crtm328p.o
__vector_3                                        c:/winavr-20100110/bin/../lib/gcc/avr/4.3.3/../../../../avr/lib/avr5/crtm328p.o
__vector_4                                        c:/winavr-20100110/bin/../lib/gcc/avr/4.3.3/../../../../avr/lib/avr5/crtm328p.o
__vector_5                                        c:/winavr-20100110/bin/../lib/gcc/avr/4.3.3/../../../../avr/lib/avr5/crtm328p.o
__vector_6                                        lowpower.o
                                                  c:/winavr-20100110/bin/../lib/gcc/avr/4.3.3/../../../../avr/lib/avr5/crtm328p.o
__vector_7                                        c:/winavr-20100110/bin/../lib/gcc/avr/4.3.3/../../../../avr/lib/avr5/crtm328p.o
__vector_8                                        c:/winavr-20100110/bin/../lib/gcc/avr/4.3.3/../../../../avr/lib/avr5/crtm328p.o
__vector_9                                        c:/winavr-20100110/bin/../lib/gcc/avr/4.3.3/../../../../avr/lib/avr5/crtm328p.o
__vector_default                                  c:/winavr-20100110/bin/../lib/gcc/avr/4.3.3/../../../../avr/lib/avr5/crtm328p.o
__vectors                                         c:/winavr-20100110/bin/../lib/gcc/avr/4.3.3/../../../../avr/lib/avr5/crtm328p.o
_exit                                             c:/winavr-20100110/bin/../lib/gcc/avr/4.3.3/avr5\libgcc.a(_exit.o)
dataconv_byte_to_hex_char                         dataconv.o
dataconv_data_len                                 dataconv.o
dataconv_dword_to_char                            dataconv.o
dataconv_dword_to_hex_char                        dataconv.o
dataconv_dword_to_num                             dataconv.o
                                                  main.o
dataconv_dword_to_num_len                         dataconv.o
                                                  main.o
dataconv_nibble_to_hex_char                       dataconv.o
dataconv_word_to_hex_char                         dataconv.o
exit                                              c:/winavr-20100110/bin/../lib/gcc/avr/4.3.3/avr5\libgcc.a(_exit.o)
                                                  c:/winavr-20100110/bin/../lib/gcc/avr/4.3.3/../../../../avr/lib/avr5/crtm328p.o
last_val                                          main.o
main                                              main.o
                                                  c:/winavr-20100110/bin/../lib/gcc/avr/4.3.3/../../../../avr/lib/avr5/crtm328p.o
nRF24L01P                                         nrf24l01pv2.o
nRF24L01P_CE_High                                 nrf24l01pv2.o
nRF24L01P_CE_Low                                  nrf24l01pv2.o
nRF24L01P_CSN_High                                nrf24l01pv2.o
nRF24L01P_CSN_Low                                 nrf24l01pv2.o
nRF24L01P_Calcuate_CRC                            nrf24l01pv2.o
nRF24L01P_Calcuate_CRC_Block                      nrf24l01pv2.o
nRF24L01P_Deep_Sleep                              nrf24l01pv2.o
                                                  main.o
nRF24L01P_Disable                                 nrf24l01pv2.o
nRF24L01P_Disable_GPIO                            nrf24l01pv2.o
nRF24L01P_Disable_SPI                             nrf24l01pv2.o
nRF24L01P_Enable                                  nrf24l01pv2.o
nRF24L01P_Enable_GPIO                             nrf24l01pv2.o
nRF24L01P_Enable_SPI                              nrf24l01pv2.o
nRF24L01P_Error_Clear                             nrf24l01pv2.o
nRF24L01P_Error_Timeout                           nrf24l01pv2.o
nRF24L01P_Flush_Receive_Buffer                    nrf24l01pv2.o
nRF24L01P_Flush_Transmit_Buffer                   nrf24l01pv2.o
nRF24L01P_Get_Channel                             nrf24l01pv2.o
nRF24L01P_Get_Error                               nrf24l01pv2.o
nRF24L01P_Get_Mode                                nrf24l01pv2.o
nRF24L01P_Get_Speed                               nrf24l01pv2.o
nRF24L01P_Get_Tx_Power                            nrf24l01pv2.o
nRF24L01P_Init                                    nrf24l01pv2.o
                                                  main.o
nRF24L01P_No_Error                                nrf24l01pv2.o
nRF24L01P_ReadModifyWrite                         nrf24l01pv2.o
nRF24L01P_ReadWrite_Register                      nrf24l01pv2.o
nRF24L01P_Read_Data_From_Receive_Buffer           nrf24l01pv2.o
nRF24L01P_Receive_Buffer_Not_Empty                nrf24l01pv2.o
nRF24L01P_Recieve_Basic                           nrf24l01pv2.o
nRF24L01P_Recieve_With_ACK                        nrf24l01pv2.o
nRF24L01P_SPI_Transfer                            nrf24l01pv2.o
nRF24L01P_Set_Channel                             nrf24l01pv2.o
nRF24L01P_Set_Destination_Address                 nrf24l01pv2.o
nRF24L01P_Set_MaxRetransmission                   nrf24l01pv2.o
nRF24L01P_Set_Mode_Rx                             nrf24l01pv2.o
nRF24L01P_Set_Mode_Sleep                          nrf24l01pv2.o
nRF24L01P_Set_Mode_Tx                             nrf24l01pv2.o
nRF24L01P_Set_Own_Address                         nrf24l01pv2.o
nRF24L01P_Set_Receive_Timeout                     nrf24l01pv2.o
nRF24L01P_Set_Speed                               nrf24l01pv2.o
nRF24L01P_Set_Tx_Power                            nrf24l01pv2.o
nRF24L01P_Struct_Init                             nrf24l01pv2.o
nRF24L01P_Transmit_Basic                          nrf24l01pv2.o
                                                  main.o
nRF24L01P_Transmit_Buffer_Empty                   nrf24l01pv2.o
nRF24L01P_Transmit_With_ACK                       nrf24l01pv2.o
nRF24L01P_Wait_Till_Transmission_Completes        nrf24l01pv2.o
nRF24L01P_WakeUp                                  nrf24l01pv2.o
                                                  main.o
nRF24L01P_Write_Data_To_Transmit_Buffer           nrf24l01pv2.o
nRF24L01P_type                                    nrf24l01pv2.o
state                                             main.o
